// Jest Snapshot v1, https://goo.gl/fbAQLP

exports[`should render App should render cardContainer 1`] = `
<div
  className="App"
>
  <ContextProvider>
    <CardContainer />
  </ContextProvider>
</div>
`;
